
> portfolio-frontend@0.0.0 build
> vite build

[36mvite v4.5.14 [32mbuilding for production...[36m[39m
transforming...
[32mΓ£ô[39m 1675 modules transformed.
[32mΓ£ô built in 10.11s[39m
node.exe : [31m"MessageCircleQuestion" is not exported by 
"node_modules/lucide-react/dist/esm/lucide-react.js", imported by 
"src/pages/FAQPage.jsx".[39m
At line:1 char:1
+ & "C:\Program Files\nodejs/node.exe" "C:\Program Files\nodejs/node_mo ...
+ ~~~~~~~~~~~~~~~~~~~~~~~~~~~~~~~~~~~~~~~~~~~~~~~~~~~~~~~~~~~~~~~~~~~~~
    + CategoryInfo          : NotSpecified: ([31m"MessageCi...Page.jsx".[39 
   m:String) [], RemoteException
    + FullyQualifiedErrorId : NativeCommandError
 
file: [36mC:/Users/sonu 
parsad/portfolio/client/src/pages/FAQPage.jsx:3:22[39m
[33m1: import React, { useState, useEffect } from 'react';
2: import { motion, AnimatePresence } from 'framer-motion';
3: import { ChevronDown, MessageCircleQuestion } from 'lucide-react';
                         ^
4: import GlassCard from '../components/ui/GlassCard';[39m
[31merror during build:
RollupError: "MessageCircleQuestion" is not exported by 
"node_modules/lucide-react/dist/esm/lucide-react.js", imported by 
"src/pages/FAQPage.jsx".
    at error (file:///C:/Users/sonu%20parsad/portfolio/client/node_modules/rol
lup/dist/es/shared/node-entry.js:2287:30)
    at Module.error (file:///C:/Users/sonu%20parsad/portfolio/client/node_modu
les/rollup/dist/es/shared/node-entry.js:13751:16)
    at Module.traceVariable (file:///C:/Users/sonu%20parsad/portfolio/client/n
ode_modules/rollup/dist/es/shared/node-entry.js:14181:29)
    at ModuleScope.findVariable (file:///C:/Users/sonu%20parsad/portfolio/clie
nt/node_modules/rollup/dist/es/shared/node-entry.js:12621:39)
    at ReturnValueScope.findVariable (file:///C:/Users/sonu%20parsad/portfolio
/client/node_modules/rollup/dist/es/shared/node-entry.js:7130:38)
    at ChildScope.findVariable (file:///C:/Users/sonu%20parsad/portfolio/clien
t/node_modules/rollup/dist/es/shared/node-entry.js:7130:38)
    at Identifier.bind (file:///C:/Users/sonu%20parsad/portfolio/client/node_m
odules/rollup/dist/es/shared/node-entry.js:8325:40)
    at CallExpression.bind (file:///C:/Users/sonu%20parsad/portfolio/client/no
de_modules/rollup/dist/es/shared/node-entry.js:5894:28)
    at CallExpression.bind (file:///C:/Users/sonu%20parsad/portfolio/client/no
de_modules/rollup/dist/es/shared/node-entry.js:9896:15)
    at Property.bind (file:///C:/Users/sonu%20parsad/portfolio/client/node_mod
ules/rollup/dist/es/shared/node-entry.js:5898:23)[39m
